// Jest Snapshot v1, https://goo.gl/fbAQLP

exports[`Render Tabs 1`] = `
<div
  className="movie-card__desc"
>
  <nav
    className="movie-nav movie-card__nav"
  >
    <ul
      className="movie-nav__list"
    >
      <li
        className="movie-nav__item movie-nav__item--active"
        onClick={[Function]}
      >
        <a
          className="movie-nav__link"
          href="#"
        >
          Overview
        </a>
      </li>
      <li
        className="movie-nav__item"
        onClick={[Function]}
      >
        <a
          className="movie-nav__link"
          href="#"
        >
          Details
        </a>
      </li>
      <li
        className="movie-nav__item"
        onClick={[Function]}
      >
        <a
          className="movie-nav__link"
          href="#"
        >
          Reviews
        </a>
      </li>
    </ul>
  </nav>
  <div
    className="movie-rating"
  >
    <div
      className="movie-rating__score"
    >
      4.1
    </div>
    <p
      className="movie-rating__meta"
    >
      <span
        className="movie-rating__level"
      >
        Normal
      </span>
      <span
        className="movie-rating__count"
      >
        764976
         ratings
      </span>
    </p>
  </div>
  <div
    className="movie-card__text"
  >
    <p>
      Violence and mayhem ensue after a hunter stumbles upon a drug deal gone wrong and more than two million dollars in cash near the Rio Grande.
    </p>
    <p
      className="movie-card__director"
    >
      <strong>
        Director: 
        Ethan Coen
      </strong>
    </p>
    <p
      className="movie-card__starring"
    >
      <strong>
        Starring: 
        Tommy Lee Jones
        , 
        Javier Bardem
        , 
        Josh Brolin
        , 
      </strong>
    </p>
  </div>
</div>
`;
