// Jest Snapshot v1, https://goo.gl/fbAQLP

exports[`Render GenresItem 1`] = `
<li
  className="catalog__genres-item catalog__genres-item--active"
  onClick={[Function]}
>
  <a
    className="catalog__genres-link"
    href="#"
  >
    Drama
  </a>
</li>
`;
