// Jest Snapshot v1, https://goo.gl/fbAQLP

exports[`Render FullScreenVideoPlayer 1`] = `
<div
  className="player"
>
  <div
    className="visually-hidden"
  >
    <svg
      version="1.1"
      xmlns="http://www.w3.org/2000/svg"
    >
      <symbol
        fill="none"
        height="19"
        id="play-s"
        viewBox="0 0 19 19"
        width="19"
        xmlns="http://www.w3.org/2000/svg"
      >
        <path
          clipRule="evenodd"
          d="M0 0L19 9.5L0 19V0Z"
          fill="#EEE5B5"
          fillRule="evenodd"
        />
      </symbol>
      <symbol
        height="21px"
        version="1.1"
        viewBox="0 0 14 21"
        width="14px"
        xmlns="http://www.w3.org/2000/svg"
      >
        <g
          fill="none"
          fillRule="evenodd"
          id="Artboard"
          stroke="none"
          strokeWidth="1"
        >
          <polygon
            fill="#EEE5B5"
            fillRule="nonzero"
            id="Line"
            points="0 -1.11910481e-13 4 -1.11910481e-13 4 21 0 21"
          />
          <polygon
            fill="#EEE5B5"
            fillRule="nonzero"
            id="Line"
            points="10 -1.11910481e-13 14 -1.11910481e-13 14 21 10 21"
          />
        </g>
      </symbol>
    </svg>
  </div>
  <div />
  <button
    className="player__exit"
    onClick={[Function]}
    type="button"
  >
    Exit
  </button>
  <div
    className="player__controls"
  >
    <div
      className="player__controls-row"
    >
      <div
        className="player__time"
      >
        <progress
          className="player__progress"
          max="100"
          value="0"
        />
        <div
          className="player__toggler"
          style={
            Object {
              "left": "0%",
            }
          }
        >
          Toggler
        </div>
      </div>
      <div
        className="player__time-value"
      >
        0:0:0
      </div>
    </div>
    <div
      className="player__controls-row"
    >
      <button
        className="player__play"
        onClick={[Function]}
        type="button"
      >
        <svg
          height="19"
          viewBox="0 0 19 19"
          width="19"
        >
          <use
            xlinkHref="#pause"
          />
        </svg>
        <span>
          Play
        </span>
      </button>
      <div
        className="player__name"
      >
        Transpotting
      </div>
      <button
        className="player__full-screen"
        onClick={[Function]}
        type="button"
      >
        <svg
          height="27"
          viewBox="0 0 27 27"
          width="27"
        >
          <use
            xlinkHref="#full-screen"
          />
        </svg>
        <span>
          Full screen
        </span>
      </button>
    </div>
  </div>
</div>
`;
