// Jest Snapshot v1, https://goo.gl/fbAQLP

exports[`Render GenresList 1`] = `
<ul
  className="catalog__genres-list"
>
  <li
    className="catalog__genres-item"
    onClick={[Function]}
  >
    <a
      className="catalog__genres-link"
      href="#"
    >
      Drama
    </a>
  </li>
  <li
    className="catalog__genres-item"
    onClick={[Function]}
  >
    <a
      className="catalog__genres-link"
      href="#"
    >
      Sci-Fi
    </a>
  </li>
  <li
    className="catalog__genres-item"
    onClick={[Function]}
  >
    <a
      className="catalog__genres-link"
      href="#"
    >
      Comedies
    </a>
  </li>
  <li
    className="catalog__genres-item"
    onClick={[Function]}
  >
    <a
      className="catalog__genres-link"
      href="#"
    >
      Crime
    </a>
  </li>
</ul>
`;
